── Вычисление: константы ── 20000 повторений × 9 раундов
кейс                      старый, нс   новый, нс    стар/нов   разброс
· пол харнесса ·          0.8          0.8          —          0%
int малый                 5.2          10.1         0.51       0% / 0%
int большой               5.2          10.1         0.51       0% / 1%
double                    5.1          10.0         0.51       2% / 2%
bool true                 5.2          9.7          0.53       0% / 2%
bool false                5.1          9.7          0.52       0% / 1%
строка пустая             5.6          35.5         0.16       0% / 4%
строка короткая           5.7          56.1         0.10       1% / 2%
строка средняя            7.8          127.9        0.06       1% / 1%
строка длинная            7.5          528.6        0.01       0% / 1%

── Вычисление: интерполяция ── 20000 повторений × 9 раундов
кейс                      старый, нс   новый, нс    стар/нов   разброс
· пол харнесса ·          0.8          0.8          —          0%
1 переменная              111.6        210.6        0.53       4% / 2%
2 переменные              113.9        209.8        0.54       2% / 6%
5 переменных              184.7        353.4        0.52       4% / 6%
число в подстановке       103.4        196.9        0.53       3% / 5%
длинный текст вокруг      137.7        740.3        0.19       3% / 1%
длинное значение          157.6        642.5        0.25       2% / 1%

── Вычисление: отображение ── 20000 повторений × 15 раундов
кейс                      старый, нс   новый, нс    стар/нов   разброс
· пол харнесса ·          0.8          0.8          —          1%
попадание, 2 ключа        200.7        60.7         3.31       4% / 6%
попадание, 5 ключей       196.9        72.1         2.73       3% / 3%
попадание, 20 ключей      190.6        72.7         2.62       58% / 5%  ⚠ шум
промах, 2 ключа           187.0        71.9         2.60       1% / 3%
промах, 5 ключей          231.0        75.2         3.07       50% / 1%  ⚠ шум
числовой ключ, 5 ключей   399.8        94.0         4.26       5% / 3%

── Вычисление: переменные ── 20000 повторений × 9 раундов
кейс                      старый, нс   новый, нс    стар/нов   разброс
· пол харнесса ·          0.7          0.7          —          1%
int                       11.5         10.5         1.10       2% / 0%
double                    11.7         10.7         1.10       2% / 2%
bool                      11.1         10.3         1.08       3% / 1%
строка короткая           11.8         41.4         0.28       4% / 11%
строка длинная            14.4         404.6        0.04       6% / 2%

── Поиск имени: слева константа 42, справа переменная target ── 20000 повторений × 9 раундов
кейс                      старый, нс   новый, нс    стар/нов   разброс
· пол харнесса ·          0.8          0.8          —          2%
1 имя                     9.2          10.2         0.90       6% / 0%
5 имён                    9.3          10.2         0.92       0% / 3%
19 имён (как в харнессе)  9.4          10.0         0.94       10% / 9%
100 имён                  9.7          10.0         0.97       5% / 3%
1000 имён                 9.2          10.1         0.90       1% / 13%

── Свойство: константы ── 50000 повторений × 9 раундов
кейс                      старый, нс   новый, нс    стар/нов   разброс
· пол харнесса ·          0.8          0.8          —          0%
число                     10.3         2.3          4.40       0% / 0%
флаг                      9.9          2.3          4.33       2% / 0%
строка короткая           11.7         10.1         1.16       1% / 0%
строка длинная            15.9         9.7          1.64       6% / 1%

── Свойство: отображение и интерполяция ── 50000 повторений × 9 раундов
кейс                      старый, нс   новый, нс    стар/нов   разброс
· пол харнесса ·          0.8          0.8          —          2%
отображение, попадание    201.0        59.6         3.37       6% / 3%
интерполяция              120.4        209.3        0.58       7% / 2%

── Свойство: переменные ── 50000 повторений × 9 раундов
кейс                      старый, нс   новый, нс    стар/нов   разброс
· пол харнесса ·          0.8          0.8          —          1%
число                     17.0         10.5         1.61       4% / 6%
строка                    18.8         37.3         0.50       7% / 4%
── Разбор: константы ── 5000 повторений × 7 раундов
кейс                      старый, нс   новый, нс    стар/нов   разброс
· пол харнесса ·          0.8          0.8          —          1%
число                     2589.1       364.7        7.10       25% / 19%  ⚠ шум
флаг                      2365.5       373.4        6.34       9% / 1%
строка короткая           2752.0       556.2        4.95       8% / 3%
строка длинная            11874.9      553.9        21.44      0% / 4%

── Разбор: интерполяция ── 5000 повторений × 7 раундов
кейс                      старый, нс   новый, нс    стар/нов   разброс
· пол харнесса ·          0.8          0.8          —          1%
1 переменная              7319.8       2089.8       3.50       1% / 1%
длинный текст вокруг      17661.2      11071.0      1.60       1% / 2%

── Разбор: отображение ── 5000 повторений × 7 раундов
кейс                      старый, нс   новый, нс    стар/нов   разброс
· пол харнесса ·          0.8          0.8          —          1%
отображение, 2 ключа      9279.9       830.4        11.18      2% / 5%

── Разбор: переменные ── 5000 повторений × 7 раундов
кейс                      старый, нс   новый, нс    стар/нов   разброс
· пол харнесса ·          0.8          0.8          —          1%
число                     2745.1       434.6        6.32       6% / 7%
строка                    2767.7       455.0        6.08       3% / 1%
