── Разбор: константы ── 5000 повторений × 7 раундов
кейс                      старый, нс   новый, нс    стар/нов   разброс
· пол харнесса ·          0.8          0.8          —          2%
число                     2184.6       344.5        6.34       7% / 3%
флаг                      2247.3       355.9        6.32       3% / 1%
строка короткая           2774.8       548.8        5.06       2% / 6%
строка длинная            11623.5      544.4        21.35      1% / 8%

── Разбор: интерполяция ── 5000 повторений × 7 раундов
кейс                      старый, нс   новый, нс    стар/нов   разброс
· пол харнесса ·          0.8          0.8          —          1%
1 переменная              7262.0       2032.2       3.57       3% / 2%
длинный текст вокруг      17689.9      11166.5      1.58       3% / 2%

── Разбор: отображение ── 5000 повторений × 7 раундов
кейс                      старый, нс   новый, нс    стар/нов   разброс
· пол харнесса ·          0.8          0.8          —          2%
отображение, 2 ключа      8758.8       765.6        11.44      1% / 3%

── Разбор: переменные ── 5000 повторений × 7 раундов
кейс                      старый, нс   новый, нс    стар/нов   разброс
· пол харнесса ·          0.8          0.8          —          25%
число                     2784.4       450.1        6.19       2% / 2%
строка                    2798.0       430.7        6.50       2% / 0%

